// Jest Snapshot v1, https://goo.gl/fbAQLP

exports[`Matches shallow shapshot 1`] = `
<div
  className="src-shared-components-Leaderboard-Podium-___styles__Podium___2rb4T"
>
  <div>
    <div
      className="src-shared-components-Leaderboard-Podium-___styles__podium-column___rPHl-"
    >
      <PodiumSpot
        competitor={
          Object {
            "challengecount": 99999,
            "handle": "overachieving.mofo",
            "photourl": "some.fake.string",
            "points": 9999999999,
            "rank": 1,
          }
        }
      />
    </div>
    <div
      className="src-shared-components-Leaderboard-Podium-___styles__podium-column___rPHl-"
    >
      <PodiumSpot
        competitor={
          Object {
            "challengecount": 99999,
            "handle": "overachieving.mofo",
            "photourl": "some.fake.string",
            "points": 9999999999,
            "rank": 1,
          }
        }
      />
    </div>
    <div
      className="src-shared-components-Leaderboard-Podium-___styles__podium-column___rPHl-"
    >
      <PodiumSpot
        competitor={
          Object {
            "challengecount": 99999,
            "handle": "overachieving.mofo",
            "photourl": "some.fake.string",
            "points": 9999999999,
            "rank": 1,
          }
        }
      />
    </div>
  </div>
</div>
`;

exports[`Matches shallow shapshot 2`] = `
<div
  className="src-shared-components-Leaderboard-Podium-___styles__Podium___2rb4T"
>
  <ThemedLoadingIndicator
    composeAdhocTheme="deeply"
    composeContextTheme="softly"
    mapThemrProps={[Function]}
    themePriority="adhoc-context-default"
  />
</div>
`;
